// Jest Snapshot v1, https://goo.gl/fbAQLP

exports[`Check button css 1`] = `
.c0 {
  display: -webkit-box;
  display: -webkit-flex;
  display: -ms-flexbox;
  display: flex;
  display: relative;
  -webkit-flex-direction: row;
  -ms-flex-direction: row;
  flex-direction: row;
  -webkit-box-pack: justify;
  -webkit-justify-content: space-between;
  -ms-flex-pack: justify;
  justify-content: space-between;
  -webkit-align-content: center;
  -ms-flex-line-pack: center;
  align-content: center;
  -webkit-align-items: center;
  -webkit-box-align: center;
  -ms-flex-align: center;
  align-items: center;
  width: auto;
  height: auto;
  background-color: transparent;
  border: 1px solid #999;
  border-radius: 0;
  padding: 0 0 0 0;
  margin: 0 0 0 0;
  z-index: auto;
}

<button
  className="c0"
/>
`;
