// Jest Snapshot v1, https://goo.gl/fbAQLP

exports[`it works 1`] = `
.c0 {
  display: -webkit-box;
  display: -webkit-flex;
  display: -ms-flexbox;
  display: flex;
  position: relative;
  -webkit-flex-direction: column;
  -ms-flex-direction: column;
  flex-direction: column;
  -webkit-box-pack: justify;
  -webkit-justify-content: space-between;
  -ms-flex-pack: justify;
  justify-content: space-between;
  -webkit-align-content: center;
  -ms-flex-line-pack: center;
  align-content: center;
  -webkit-align-items: center;
  -webkit-box-align: center;
  -ms-flex-align: center;
  align-items: center;
  width: 100%;
  max-width: none;
  min-width: none;
  height: auto;
  max-height: none;
  background-color: transparent;
  padding: 0 0 0 0;
  border: 0 solid transparent;
  border-radius: 0;
  margin: 0 0 0 0;
  z-index: auto;
  -webkit-box-shadow: 0px 0px 0px 0px rgba(0,0,0,0);
  -moz-box-shadow: 0px 0px 0px 0px rgba(0,0,0,0);
  box-shadow: 0px 0px 0px 0px rgba(0,0,0,0);
}

<div
  className="c0"
/>
`;
